../Core/Src/main.c:70:6:usb_print	2
../Core/Src/main.c:76:6:lora_select	1
../Core/Src/main.c:81:6:lora_unselect	1
../Core/Src/main.c:86:6:lora_write	1
../Core/Src/main.c:97:9:lora_read	1
../Core/Src/main.c:111:6:lora_reset	1
../Core/Src/main.c:119:6:lora_init	1
../Core/Src/main.c:151:6:lora_receive	7
../Core/Src/main.c:315:5:main	1
../Core/Src/main.c:375:6:SystemClock_Config	3
../Core/Src/main.c:422:13:MX_SPI1_Init	2
../Core/Src/main.c:460:13:MX_GPIO_Init	1
../Core/Src/main.c:508:6:Error_Handler	1
