../Core/Src/main.c:70:6:usb_print	16	static
../Core/Src/main.c:76:6:lora_select	8	static
../Core/Src/main.c:81:6:lora_unselect	8	static
../Core/Src/main.c:86:6:lora_write	24	static
../Core/Src/main.c:97:9:lora_read	32	static
../Core/Src/main.c:111:6:lora_reset	8	static
../Core/Src/main.c:119:6:lora_init	8	static
../Core/Src/main.c:151:6:lora_receive	728	static
../Core/Src/main.c:315:5:main	64	static
../Core/Src/main.c:375:6:SystemClock_Config	88	static
../Core/Src/main.c:422:13:MX_SPI1_Init	8	static
../Core/Src/main.c:460:13:MX_GPIO_Init	40	static
../Core/Src/main.c:508:6:Error_Handler	4	static,ignoring_inline_asm
