../Core/Src/main.c:144:6:lora_select	8	static
../Core/Src/main.c:150:6:lora_unselect	8	static
../Core/Src/main.c:156:9:lora_read	32	static
../Core/Src/main.c:171:6:led_blink	24	static
../Core/Src/main.c:184:6:error_blink	16	static
../Core/Src/main.c:193:6:lora_write	24	static
../Core/Src/main.c:204:6:lora_reset	8	static
../Core/Src/main.c:212:6:servo_lock	4	static
../Core/Src/main.c:217:6:servo_open	4	static
../Core/Src/main.c:222:6:lora_init	8	static
../Core/Src/main.c:276:6:ms5611_init	56	static
../Core/Src/main.c:297:6:kalman_update	40	static
../Core/Src/main.c:327:6:ms5611_read	480	static
../Core/Src/main.c:400:6:i2c_scan	64	static
../Core/Src/main.c:413:7:convert_deg	32	static
../Core/Src/main.c:420:7:get_altitude	16	static
../Core/Src/main.c:425:6:parse_gps	176	static
../Core/Src/main.c:470:6:wake_mpu	32	static
../Core/Src/main.c:476:19:read_raw	24	static
../Core/Src/main.c:482:6:usb_print	16	static
../Core/Src/main.c:490:6:lora_debug_registers	112	static
../Core/Src/main.c:531:6:calibrate_mpu	32	static
../Core/Src/main.c:572:6:lora_send_telemetry	232	static
../Core/Src/main.c:685:5:main	592	static
../Core/Src/main.c:947:6:SystemClock_Config	88	static
../Core/Src/main.c:987:13:MX_ADC1_Init	24	static
../Core/Src/main.c:1039:13:MX_I2C1_Init	8	static
../Core/Src/main.c:1073:13:MX_SPI1_Init	8	static
../Core/Src/main.c:1111:13:MX_TIM1_Init	96	static
../Core/Src/main.c:1186:13:MX_USART1_UART_Init	8	static
../Core/Src/main.c:1219:13:MX_GPIO_Init	48	static
../Core/Src/main.c:1274:6:HAL_UART_RxCpltCallback	16	static
../Core/Src/main.c:1299:6:Error_Handler	4	static,ignoring_inline_asm
