../Core/Src/main.c:137:6:lora_select	1
../Core/Src/main.c:143:6:lora_unselect	1
../Core/Src/main.c:149:9:lora_read	1
../Core/Src/main.c:164:6:led_blink	2
../Core/Src/main.c:177:6:error_blink	1
../Core/Src/main.c:186:6:lora_write	1
../Core/Src/main.c:197:6:lora_reset	1
../Core/Src/main.c:205:6:servo_lock	1
../Core/Src/main.c:210:6:servo_open	1
../Core/Src/main.c:215:6:lora_init	1
../Core/Src/main.c:269:6:ms5611_init	2
../Core/Src/main.c:290:6:kalman_update	1
../Core/Src/main.c:320:6:ms5611_read	16
../Core/Src/main.c:393:6:i2c_scan	3
../Core/Src/main.c:406:7:convert_deg	1
../Core/Src/main.c:413:7:get_altitude	1
../Core/Src/main.c:418:6:parse_gps	14
../Core/Src/main.c:463:6:wake_mpu	1
../Core/Src/main.c:469:19:read_raw	1
../Core/Src/main.c:475:6:usb_print	2
../Core/Src/main.c:483:6:lora_debug_registers	1
../Core/Src/main.c:524:6:calibrate_mpu	4
../Core/Src/main.c:562:6:lora_send	3
../Core/Src/main.c:611:5:main	19
../Core/Src/main.c:907:6:SystemClock_Config	3
../Core/Src/main.c:954:13:MX_I2C1_Init	2
../Core/Src/main.c:988:13:MX_SPI1_Init	2
../Core/Src/main.c:1026:13:MX_TIM1_Init	7
../Core/Src/main.c:1101:13:MX_USART1_UART_Init	2
../Core/Src/main.c:1134:13:MX_GPIO_Init	1
../Core/Src/main.c:1189:6:HAL_UART_RxCpltCallback	4
../Core/Src/main.c:1214:6:Error_Handler	1
