../Core/Src/main.c:137:6:lora_select	8	static
../Core/Src/main.c:143:6:lora_unselect	8	static
../Core/Src/main.c:149:9:lora_read	32	static
../Core/Src/main.c:164:6:led_blink	24	static
../Core/Src/main.c:177:6:error_blink	16	static
../Core/Src/main.c:186:6:lora_write	24	static
../Core/Src/main.c:197:6:lora_reset	8	static
../Core/Src/main.c:205:6:servo_lock	4	static
../Core/Src/main.c:210:6:servo_open	4	static
../Core/Src/main.c:215:6:lora_init	8	static
../Core/Src/main.c:269:6:ms5611_init	56	static
../Core/Src/main.c:290:6:kalman_update	40	static
../Core/Src/main.c:320:6:ms5611_read	480	static
../Core/Src/main.c:393:6:i2c_scan	64	static
../Core/Src/main.c:406:7:convert_deg	32	static
../Core/Src/main.c:413:7:get_altitude	16	static
../Core/Src/main.c:418:6:parse_gps	176	static
../Core/Src/main.c:463:6:wake_mpu	32	static
../Core/Src/main.c:469:19:read_raw	24	static
../Core/Src/main.c:475:6:usb_print	16	static
../Core/Src/main.c:483:6:lora_debug_registers	112	static
../Core/Src/main.c:524:6:calibrate_mpu	40	static
../Core/Src/main.c:562:6:lora_send	88	static
../Core/Src/main.c:611:5:main	656	static
../Core/Src/main.c:907:6:SystemClock_Config	88	static
../Core/Src/main.c:954:13:MX_I2C1_Init	8	static
../Core/Src/main.c:988:13:MX_SPI1_Init	8	static
../Core/Src/main.c:1026:13:MX_TIM1_Init	96	static
../Core/Src/main.c:1101:13:MX_USART1_UART_Init	8	static
../Core/Src/main.c:1134:13:MX_GPIO_Init	48	static
../Core/Src/main.c:1189:6:HAL_UART_RxCpltCallback	16	static
../Core/Src/main.c:1214:6:Error_Handler	4	static,ignoring_inline_asm
