../Core/Src/main.c:144:6:lora_select	1
../Core/Src/main.c:150:6:lora_unselect	1
../Core/Src/main.c:156:9:lora_read	1
../Core/Src/main.c:171:6:led_blink	2
../Core/Src/main.c:184:6:error_blink	1
../Core/Src/main.c:193:6:lora_write	1
../Core/Src/main.c:204:6:lora_reset	1
../Core/Src/main.c:212:6:servo_lock	1
../Core/Src/main.c:217:6:servo_open	1
../Core/Src/main.c:222:6:lora_init	1
../Core/Src/main.c:276:6:ms5611_init	2
../Core/Src/main.c:297:6:kalman_update	1
../Core/Src/main.c:327:6:ms5611_read	16
../Core/Src/main.c:400:6:i2c_scan	3
../Core/Src/main.c:413:7:convert_deg	1
../Core/Src/main.c:420:7:get_altitude	1
../Core/Src/main.c:425:6:parse_gps	14
../Core/Src/main.c:470:6:wake_mpu	1
../Core/Src/main.c:476:19:read_raw	1
../Core/Src/main.c:482:6:usb_print	2
../Core/Src/main.c:490:6:lora_debug_registers	1
../Core/Src/main.c:531:6:calibrate_mpu	4
../Core/Src/main.c:572:6:lora_send_telemetry	7
../Core/Src/main.c:685:5:main	19
../Core/Src/main.c:947:6:SystemClock_Config	3
../Core/Src/main.c:987:13:MX_ADC1_Init	3
../Core/Src/main.c:1039:13:MX_I2C1_Init	2
../Core/Src/main.c:1073:13:MX_SPI1_Init	2
../Core/Src/main.c:1111:13:MX_TIM1_Init	7
../Core/Src/main.c:1186:13:MX_USART1_UART_Init	2
../Core/Src/main.c:1219:13:MX_GPIO_Init	1
../Core/Src/main.c:1274:6:HAL_UART_RxCpltCallback	4
../Core/Src/main.c:1299:6:Error_Handler	1
